Microchip MPLAB XC8 Compiler V2.32

Linker command line:

-W-3 --edf=C:\Program Files\Microchip\xc8\v2.32\pic\dat\en_msgs.txt -cn \
  -h+dist/default/production\WeatherStation.X.production.sym \
  --cmf=dist/default/production\WeatherStation.X.production.cmf -z \
  -Q18F87K22 -oC:\Users\Studenti\AppData\Local\Temp\xcAsfjo.4 \
  --defsym=__MPLAB_BUILD=1 \
  -Mdist/default/production/WeatherStation.X.production.map -E1 \
  -ver=XC8 Compiler --acfsm=1493 -ASTACK=01C6h-0F15h -pstack=STACK \
  -ACODE=00h-01FFFFh -ACONST=00h-01FFFFh -ASMALLCONST=01000h-010FFhx496 \
  -AMEDIUMCONST=01000h-0FFFFh,011000h-01FFFFh -ACOMRAM=01h-05Fh \
  -AABS1=00h-0F15h -ABIGRAM=01h-0F15h \
  -ARAM=060h-0FFh,0100h-01FFhx14,0F00h-0F15h -ABANK0=060h-0FFh \
  -ABANK1=0100h-01FFh -ABANK2=0200h-02FFh -ABANK3=0300h-03FFh \
  -ABANK4=0400h-04FFh -ABANK5=0500h-05FFh -ABANK6=0600h-06FFh \
  -ABANK7=0700h-07FFh -ABANK8=0800h-08FFh -ABANK9=0900h-09FFh \
  -ABANK10=0A00h-0AFFh -ABANK11=0B00h-0BFFh -ABANK12=0C00h-0CFFh \
  -ABANK13=0D00h-0DFFh -ABANK14=0E00h-0EFFh -ABANK15=0F00h-0F15h \
  -ASFR=0F16h-0F5Fh,0F60h-0FFFh -ACONFIG=0300000h-030000Dh \
  -AIDLOC=0200000h-0200007h -AEEDATA=0F00000h-0F003FFh -peeprom_data=EEDATA \
  -preset_vec=00h,intcode,intcodelo,powerup,init -pramtop=01000h \
  -psmallconst=SMALLCONST -pmediumconst=MEDIUMCONST -pconst=CONST \
  -AFARRAM=00h-00h \
  -prdata=COMRAM,nvrram=COMRAM,nvbit=COMRAM,rbss=COMRAM,rbit=COMRAM \
  -pfarbss=FARRAM,fardata=FARRAM,nvFARRAM=FARRAM \
  -pintsave_regs=BIGRAM,bigbss=BIGRAM,bigdata=BIGRAM -pbss=RAM \
  -pidata=CODE,irdata=CODE,ibigdata=CODE,ifardata=CODE -prparam=COMRAM \
  C:\Users\Studenti\AppData\Local\Temp\xcAsfjo.o \
  dist/default/production\WeatherStation.X.production.o 

Object code version is 3.11

Machine type is 18F87K22



                Name                               Link     Load   Length Selector   Space Scale
C:\Users\Studenti\AppData\Local\Temp\xcAsfjo.o
                idloc                            200000   200000        8        0       5
                config                           300000   300000        E        0       4
                init                                  0        0        4        0       0
dist/default/production\WeatherStation.X.production.o
                idloc                            200000   200000        8        0       5
                config                           300000   300000        E        0       4
                mediumconst                        FA70     FA70      590     7D38       0
                text112                           15CE0    15CE0        4     8000       0
                text111                           15CDC    15CDC        4     8000       0
                text110                           15CD8    15CD8        4     8000       0
                text109                           159E2    159E2       2C     8000       0
                text108                           15CD4    15CD4        4     8000       0
                text107                           15CD0    15CD0        4     8000       0
                text106                           15CCC    15CCC        4     8000       0
                text105                           15A34    15A34       24     8000       0
                text104                           15182    15182       84     8000       0
                text103                           15AEE    15AEE       1C     8000       0
                text102                           159B2    159B2       30     8000       0
                text101                           15982    15982       30     8000       0
                text100                           15952    15952       30     8000       0
                text99                            15922    15922       30     8000       0
                text98                            157BC    157BC       44     8000       0
                text97                            15CC8    15CC8        4     8000       0
                text96                            15CC4    15CC4        4     8000       0
                text95                            15CC0    15CC0        4     8000       0
                text94                            15CB2    15CB2        6     8000       0
                text93                            15CBC    15CBC        4     8000       0
                text92                            15CAC    15CAC        6     8000       0
                text91                            15CA4    15CA4        8     8000       0
                text90                            15B7C    15B7C       14     8000       0
                text89                            15CB8    15CB8        4     8000       0
                text88                            15206    15206       7E     8000       0
                text87                            15C44    15C44        C     8000       0
                text86                            15BE6    15BE6       10     8000       0
                text85                            15BD6    15BD6       10     8000       0
                text84                            14AD4    14AD4       C8     8000       0
                text83                            14E80    14E80       A8     8000       0
                text82                            15C38    15C38        C     8000       0
                text81                            15C9C    15C9C        8     8000       0
                text80                            15C94    15C94        8     8000       0
                text79                            15C8C    15C8C        8     8000       0
                text78                            15C84    15C84        8     8000       0
                text77                            15C7C    15C7C        8     8000       0
                text76                            15C74    15C74        8     8000       0
                text75                            15C6C    15C6C        8     8000       0
                text74                            15C2C    15C2C        C     8000       0
                text73                            15456    15456       6C     8000       0
                text72                            153EA    153EA       6C     8000       0
                text71                            15BC6    15BC6       10     8000       0
                text70                            15A98    15A98       1E     8000       0
                text69                            15778    15778       44     8000       0
                text68                            15C64    15C64        8     8000       0
                text67                            15A58    15A58       22     8000       0
                text66                            14FCC    14FCC       A2     8000       0
                text65                            15AD2    15AD2       1C     8000       0
                text64                            15284    15284       7C     8000       0
                text63                            15BB4    15BB4       12     8000       0
                text62                            15300    15300       76     8000       0
                text61                            15BA2    15BA2       12     8000       0
                text60                            15C20    15C20        C     8000       0
                text59                            15376    15376       74     8000       0
                text58                            15AB6    15AB6       1C     8000       0
                text57                            12DD4    12DD4      39A     8000       0
                text56                            13E5C    13E5C      1B4     8000       0
                text55                            1413C    1413C      120     8000       0
                text54                            15B24    15B24       1A     8000       0
                text53                            1425C    1425C      10C     8000       0
                text52                            154C2    154C2       6A     8000       0
                text51                            11B14    11B14      528     8000       0
                text50                            14F28    14F28       A4     8000       0
                text49                            10C58    10C58      7C8     8000       0
                text48                            1316E    1316E      32E     8000       0
                text47                            1506E    1506E       8E     8000       0
                text46                            150FC    150FC       86     8000       0
                text45                            14368    14368      10A     8000       0
                text44                            136AE    136AE      208     8000       0
                text43                            15B0A    15B0A       1A     8000       0
                text42                            13ABA    13ABA      1EE     8000       0
                text41                            15C12    15C12        E     8000       0
                text40                            15C04    15C04        E     8000       0
                text39                            15BF6    15BF6        E     8000       0
                text38                            156A2    156A2       4C     8000       0
                text37                            15B68    15B68       14     8000       0
                text36                            15B54    15B54       14     8000       0
                text35                            15800    15800       40     8000       0
                text34                            15B90    15B90       12     8000       0
                text33                            11420    11420      6F4     8000       0
                text32                            1493A    1493A       D0     8000       0
                text31                            15840    15840       3C     8000       0
                text30                            15C5A    15C5A        A     8000       0
                text29                            14C62    14C62       C4     8000       0
                text28                            14D26    14D26       B0     8000       0
                text27                            14DD6    14DD6       AA     8000       0
                text26                            14578    14578      104     8000       0
                text25                            129AA    129AA      42A     8000       0
                text24                            158B4    158B4       38     8000       0
                text23                            1203C    1203C      4C0     8000       0
                text22                            156EE    156EE       46     8000       0
                text21                            14472    14472      106     8000       0
                text20                            1467C    1467C       FE     8000       0
                text19                            1349C    1349C      212     8000       0
                text18                            15B3E    15B3E       16     8000       0
                text17                            15C50    15C50        A     8000       0
                text16                            14A0A    14A0A       CA     8000       0
                text15                            15734    15734       44     8000       0
                text14                            158EC    158EC       36     8000       0
                text13                            14B9C    14B9C       C6     8000       0
                text12                            155F2    155F2       5E     8000       0
                text11                            1587C    1587C       38     8000       0
                text10                            15592    15592       60     8000       0
                text9                             10000    10000      C58     8000       0
                text8                             14010    14010      12C     8000       0
                text7                             1477A    1477A       F0     8000       0
                text6                             1486A    1486A       D0     8000       0
                text5                             138B6    138B6      204     8000       0
                text4                             124FC    124FC      4AE     8000       0
                text3                             1552C    1552C       66     8000       0
                text2                             15A0E    15A0E       26     8000       0
                text1                             15650    15650       52     8000       0
                text0                             13CA8    13CA8      1B4     8000       0
                cstackCOMRAM                          1        1       5F        1       1
                cstackBANK0                          60       60       5A       60       1
                cstackBANK1                         100      100       76      100       1
                bssBANK1                            176      176       50      100       1
                bssBANK0                             BA       BA       3B       60       1
                cinit                             15A7A    15A7A       1E     8000       0
                nvBANK0                              F5       F5        9       60       1

TOTAL           Name                               Link     Load   Length     Space
        CLASS   STACK          

        CLASS   CODE           
                init                                  0        0        4         0
                text112                           15CE0    15CE0        4         0
                text111                           15CDC    15CDC        4         0
                text110                           15CD8    15CD8        4         0
                text109                           159E2    159E2       2C         0
                text108                           15CD4    15CD4        4         0
                text107                           15CD0    15CD0        4         0
                text106                           15CCC    15CCC        4         0
                text105                           15A34    15A34       24         0
                text104                           15182    15182       84         0
                text103                           15AEE    15AEE       1C         0
                text102                           159B2    159B2       30         0
                text101                           15982    15982       30         0
                text100                           15952    15952       30         0
                text99                            15922    15922       30         0
                text98                            157BC    157BC       44         0
                text97                            15CC8    15CC8        4         0
                text96                            15CC4    15CC4        4         0
                text95                            15CC0    15CC0        4         0
                text94                            15CB2    15CB2        6         0
                text93                            15CBC    15CBC        4         0
                text92                            15CAC    15CAC        6         0
                text91                            15CA4    15CA4        8         0
                text90                            15B7C    15B7C       14         0
                text89                            15CB8    15CB8        4         0
                text88                            15206    15206       7E         0
                text87                            15C44    15C44        C         0
                text86                            15BE6    15BE6       10         0
                text85                            15BD6    15BD6       10         0
                text84                            14AD4    14AD4       C8         0
                text83                            14E80    14E80       A8         0
                text82                            15C38    15C38        C         0
                text81                            15C9C    15C9C        8         0
                text80                            15C94    15C94        8         0
                text79                            15C8C    15C8C        8         0
                text78                            15C84    15C84        8         0
                text77                            15C7C    15C7C        8         0
                text76                            15C74    15C74        8         0
                text75                            15C6C    15C6C        8         0
                text74                            15C2C    15C2C        C         0
                text73                            15456    15456       6C         0
                text72                            153EA    153EA       6C         0
                text71                            15BC6    15BC6       10         0
                text70                            15A98    15A98       1E         0
                text69                            15778    15778       44         0
                text68                            15C64    15C64        8         0
                text67                            15A58    15A58       22         0
                text66                            14FCC    14FCC       A2         0
                text65                            15AD2    15AD2       1C         0
                text64                            15284    15284       7C         0
                text63                            15BB4    15BB4       12         0
                text62                            15300    15300       76         0
                text61                            15BA2    15BA2       12         0
                text60                            15C20    15C20        C         0
                text59                            15376    15376       74         0
                text58                            15AB6    15AB6       1C         0
                text57                            12DD4    12DD4      39A         0
                text56                            13E5C    13E5C      1B4         0
                text55                            1413C    1413C      120         0
                text54                            15B24    15B24       1A         0
                text53                            1425C    1425C      10C         0
                text52                            154C2    154C2       6A         0
                text51                            11B14    11B14      528         0
                text50                            14F28    14F28       A4         0
                text49                            10C58    10C58      7C8         0
                text48                            1316E    1316E      32E         0
                text47                            1506E    1506E       8E         0
                text46                            150FC    150FC       86         0
                text45                            14368    14368      10A         0
                text44                            136AE    136AE      208         0
                text43                            15B0A    15B0A       1A         0
                text42                            13ABA    13ABA      1EE         0
                text41                            15C12    15C12        E         0
                text40                            15C04    15C04        E         0
                text39                            15BF6    15BF6        E         0
                text38                            156A2    156A2       4C         0
                text37                            15B68    15B68       14         0
                text36                            15B54    15B54       14         0
                text35                            15800    15800       40         0
                text34                            15B90    15B90       12         0
                text33                            11420    11420      6F4         0
                text32                            1493A    1493A       D0         0
                text31                            15840    15840       3C         0
                text30                            15C5A    15C5A        A         0
                text29                            14C62    14C62       C4         0
                text28                            14D26    14D26       B0         0
                text27                            14DD6    14DD6       AA         0
                text26                            14578    14578      104         0
                text25                            129AA    129AA      42A         0
                text24                            158B4    158B4       38         0
                text23                            1203C    1203C      4C0         0
                text22                            156EE    156EE       46         0
                text21                            14472    14472      106         0
                text20                            1467C    1467C       FE         0
                text19                            1349C    1349C      212         0
                text18                            15B3E    15B3E       16         0
                text17                            15C50    15C50        A         0
                text16                            14A0A    14A0A       CA         0
                text15                            15734    15734       44         0
                text14                            158EC    158EC       36         0
                text13                            14B9C    14B9C       C6         0
                text12                            155F2    155F2       5E         0
                text11                            1587C    1587C       38         0
                text10                            15592    15592       60         0
                text9                             10000    10000      C58         0
                text8                             14010    14010      12C         0
                text7                             1477A    1477A       F0         0
                text6                             1486A    1486A       D0         0
                text5                             138B6    138B6      204         0
                text4                             124FC    124FC      4AE         0
                text3                             1552C    1552C       66         0
                text2                             15A0E    15A0E       26         0
                text1                             15650    15650       52         0
                text0                             13CA8    13CA8      1B4         0
                cinit                             15A7A    15A7A       1E         0

        CLASS   CONST          

        CLASS   SMALLCONST     

        CLASS   MEDIUMCONST    
                mediumconst                        FA70     FA70      590         0

        CLASS   COMRAM         
                cstackCOMRAM                          1        1       5F         1

        CLASS   ABS1           

        CLASS   BIGRAM         

        CLASS   RAM            

        CLASS   BANK0          
                cstackBANK0                          60       60       5A         1
                bssBANK0                             BA       BA       3B         1
                nvBANK0                              F5       F5        9         1

        CLASS   BANK1          
                cstackBANK1                         100      100       76         1
                bssBANK1                            176      176       50         1

        CLASS   BANK2          

        CLASS   BANK3          

        CLASS   BANK4          

        CLASS   BANK5          

        CLASS   BANK6          

        CLASS   BANK7          

        CLASS   BANK8          

        CLASS   BANK9          

        CLASS   BANK10         

        CLASS   BANK11         

        CLASS   BANK12         

        CLASS   BANK13         

        CLASS   BANK14         

        CLASS   BANK15         

        CLASS   SFR            

        CLASS   CONFIG         
                config                           300000   300000        E         4

        CLASS   IDLOC          
                idloc                            200000   200000        8         5

        CLASS   EEDATA         

        CLASS   FARRAM         



SEGMENTS        Name                           Load    Length   Top    Selector   Space  Class

                reset_vec                      000000  000004  000004         0       0  CODE    
                cstackCOMRAM                   000001  00005F  000060         1       1  COMRAM  
                cstackBANK0                    000060  00009E  0000FE        60       1  BANK0   
                cstackBANK1                    000100  0000C6  0001C6       100       1  BANK1   
                mediumconst                    00FA70  000590  010000      7D38       0  MEDIUMCO
                text9                          010000  005CE4  015CE4      8000       0  CODE    


UNUSED ADDRESS RANGES

        Name                Unused          Largest block    Delta
        BANK0            0000FE-0000FF                2
        BANK1            0001C6-0001FF               3A
        BANK10           000A00-000AFF              100
        BANK11           000B00-000BFF              100
        BANK12           000C00-000CFF              100
        BANK13           000D00-000DFF              100
        BANK14           000E00-000EFF              100
        BANK15           000F00-000F15               16
        BANK2            000200-0002FF              100
        BANK3            000300-0003FF              100
        BANK4            000400-0004FF              100
        BANK5            000500-0005FF              100
        BANK6            000600-0006FF              100
        BANK7            000700-0007FF              100
        BANK8            000800-0008FF              100
        BANK9            000900-0009FF              100
        BIGRAM           0000FE-0000FF                2
                         0001C6-000F15              D50
        CODE             000004-00FA6F             FA6C
                         015CE4-01FFFF             A31C
        CONST            000004-00FA6F             FA6C
                         015CE4-01FFFF             A31C
        EEDATA           F00000-F003FF              400
        MEDIUMCONST      001000-00FA6F             EA70
                         015CE4-01FFFF             A31C
        RAM              0000FE-0000FF                2
                         0001C6-000F15              100
        SFR              000F16-000FFF               4A
        SMALLCONST       001000-00FA6F              100
                         015CE4-01FFFF              100
        STACK            0001C6-000F15              D50

                                  Symbol Table

?___aldiv                                       cstackCOMRAM 00000D
?___awdiv                                       cstackCOMRAM 000001
?___awmod                                       cstackCOMRAM 000001
?___fladd                                       cstackCOMRAM 000001
?___fldiv                                       cstackCOMRAM 00000F
?___flmul                                       cstackCOMRAM 000001
?___flneg                                       cstackCOMRAM 000001
?___flsub                                       cstackCOMRAM 00001A
?___fltol                                       cstackCOMRAM 000001
?___fpclassifyf                                 cstackCOMRAM 000001
?___lldiv                                       cstackCOMRAM 000001
?___lmul                                        cstackCOMRAM 000001
?___lodiv                                       cstackCOMRAM 000001
?___lomod                                       cstackCOMRAM 000001
?___xxtofl                                      cstackCOMRAM 000001
?_compensate_humidity                           cstackCOMRAM 00001B
?_compensate_pressure                           cstackCOMRAM 00001B
?_compensate_temperature                        cstackCOMRAM 00001B
?_efgtoa                                        cstackCOMRAM 00003C
?_floorf                                        cstackCOMRAM 000028
?_isupper                                       cstackCOMRAM 000001
?_pad                                           cstackCOMRAM 000013
?_printf                                        cstackBANK0  0000AA
?_sprintf                                       cstackBANK0  0000AA
?_strlen                                        cstackCOMRAM 000001
?_strncmp                                       cstackCOMRAM 000001
?_tolower                                       cstackCOMRAM 000007
?_utoa                                          cstackCOMRAM 00001E
?_vfpfcnvrt                                     cstackCOMRAM 000048
?_vfprintf                                      cstackCOMRAM 000054
BME280_Config@config_currentValue               cstackCOMRAM 000022
BME280_Config@config_reg_tw                     cstackCOMRAM 00001F
BME280_Config@ctrl_hum_reg_tw                   cstackCOMRAM 000020
BME280_Config@ctrl_meas_reg_tw                  cstackCOMRAM 00001E
BME280_Config@filter                            cstackCOMRAM 000019
BME280_Config@hum_currentValue                  cstackCOMRAM 000021
BME280_Config@mode                              cstackCOMRAM 00001B
BME280_Config@osrs_h                            cstackCOMRAM 000018
BME280_Config@osrs_p                            cstackCOMRAM 000017
BME280_Config@osrs_t                            cstackCOMRAM 00001D
BME280_Config@t_sb                              cstackCOMRAM 00001A
BME280_NormalizeMeasurements@comp_data          cstackCOMRAM 000028
BME280_NormalizeMeasurements@res                cstackCOMRAM 00002A
BME280_Read1ByteRegister@buffer                 cstackCOMRAM 000016
BME280_Read1ByteRegister@reg_addr               cstackCOMRAM 000015
BME280_WakeUp_FM@reg_val                        cstackCOMRAM 000017
BME280_Write1ByteRegister@data_tw               cstackCOMRAM 000015
BME280_Write1ByteRegister@reg_addr              cstackCOMRAM 000016
BME280_compensate_data@calib_data               cstackCOMRAM 000055
BME280_compensate_data@comp_data                cstackCOMRAM 000053
BME280_compensate_data@uncomp_data              cstackCOMRAM 000051
BME280_readFactoryCalibration@calib_data        cstackCOMRAM 00003A
BME280_read_measurement@data_lsb                cstackCOMRAM 000032
BME280_read_measurement@data_msb                cstackCOMRAM 000036
BME280_read_measurement@data_xlsb               cstackCOMRAM 00002E
BME280_read_measurement@reg_data                cstackCOMRAM 000026
BME280_read_measurement@uncomp_data             cstackCOMRAM 00001C
EUSART1_SetErrorHandler@interruptHandler        cstackCOMRAM 000001
EUSART1_SetFramingErrorHandler@interruptHandler cstackCOMRAM 000001
EUSART1_SetOverrunErrorHandler@interruptHandler cstackCOMRAM 000001
EUSART1_Write@txData                            cstackCOMRAM 000001
I2C1_CallbackReturnReset@funPtr                 cstackCOMRAM 00000C
I2C1_Close@returnValue                          cstackCOMRAM 000001
I2C1_MasterOperation@read                       cstackCOMRAM 000010
I2C1_MasterOperation@returnValue                cstackCOMRAM 000011
I2C1_MasterSendTxData@data                      cstackCOMRAM 000001
I2C1_Open@address                               cstackCOMRAM 000001
I2C1_Open@returnValue                           cstackCOMRAM 000002
I2C1_Read1ByteRegister@address                  cstackCOMRAM 000013
I2C1_Read1ByteRegister@reg                      cstackCOMRAM 000012
I2C1_Read1ByteRegister@returnValue              cstackCOMRAM 000014
I2C1_ReadDataBlock@address                      cstackCOMRAM 000017
I2C1_ReadDataBlock@bufferBlock                  cstackCOMRAM 000018
I2C1_ReadDataBlock@data                         cstackCOMRAM 000013
I2C1_ReadDataBlock@len                          cstackCOMRAM 000015
I2C1_ReadDataBlock@reg                          cstackCOMRAM 000012
I2C1_SetAddressNackCallback@cb                  cstackCOMRAM 000007
I2C1_SetAddressNackCallback@ptr                 cstackCOMRAM 00000A
I2C1_SetBuffer@buffer                           cstackCOMRAM 000001
I2C1_SetBuffer@bufferSize                       cstackCOMRAM 000003
I2C1_SetCallback@cb                             cstackCOMRAM 000001
I2C1_SetCallback@idx                            cstackCOMRAM 000006
I2C1_SetCallback@ptr                            cstackCOMRAM 000004
I2C1_SetDataCompleteCallback@cb                 cstackCOMRAM 000007
I2C1_SetDataCompleteCallback@ptr                cstackCOMRAM 00000A
I2C1_Write1ByteRegister@address                 cstackCOMRAM 000014
I2C1_Write1ByteRegister@data                    cstackCOMRAM 000013
I2C1_Write1ByteRegister@reg                     cstackCOMRAM 000012
_ANCON0                                         (abs)        000F25
_ANCON1                                         (abs)        000F24
_ANCON2                                         (abs)        000F23
_BAUDCON1                                       (abs)        000F65
_BME280_Config                                  text59       015376
_BME280_Init                                    text58       015AB6
_BME280_NormalizeMeasurements                   text55       01413C
_BME280_Read1ByteRegister                       text63       015BB4
_BME280_Reset                                   text60       015C20
_BME280_WakeUp_FM                               text54       015B24
_BME280_Write1ByteRegister                      text61       015BA2
_BME280_compensate_data                         text47       01506E
_BME280_readFactoryCalibration                  text43       015B0A
_BME280_read_measurement                        text42       013ABA
_EUSART1_DefaultErrorHandler                    (abs)        000000
_EUSART1_DefaultFramingErrorHandler             (abs)        000000
_EUSART1_DefaultOverrunErrorHandler             (abs)        000000
_EUSART1_ErrorHandler                           nvBANK0      0000F5
_EUSART1_FramingErrorHandler                    nvBANK0      0000FB
_EUSART1_Initialize                             text38       0156A2
_EUSART1_OverrunErrorHandler                    nvBANK0      0000F8
_EUSART1_SetErrorHandler                        text41       015C12
_EUSART1_SetFramingErrorHandler                 text40       015C04
_EUSART1_SetOverrunErrorHandler                 text39       015BF6
_EUSART1_Write                                  text18       015B3E
_I2C1_CallbackReturnReset                       text96       015CC4
_I2C1_CallbackReturnStop                        text97       015CC8
_I2C1_Close                                     text109      0159E2
_I2C1_DO_ADDRESS_NACK                           text73       015456
_I2C1_DO_IDLE                                   text87       015C44
_I2C1_DO_RCEN                                   text82       015C38
_I2C1_DO_RESET                                  text74       015C2C
_I2C1_DO_RX                                     text83       014E80
_I2C1_DO_RX_ACK                                 text77       015C7C
_I2C1_DO_RX_NACK_RESTART                        text75       015C6C
_I2C1_DO_RX_NACK_STOP                           text76       015C74
_I2C1_DO_SEND_ADR_READ                          text86       015BE6
_I2C1_DO_SEND_ADR_WRITE                         text85       015BD6
_I2C1_DO_SEND_RESTART                           text79       015C8C
_I2C1_DO_SEND_RESTART_READ                      text81       015C9C
_I2C1_DO_SEND_RESTART_WRITE                     text80       015C94
_I2C1_DO_SEND_STOP                              text78       015C84
_I2C1_DO_TX                                     text84       014AD4
_I2C1_DO_TX_EMPTY                               text88       015206
_I2C1_Initialize                                text37       015B68
_I2C1_MasterClearIrq                            text112      015CE0
_I2C1_MasterClose                               text111      015CDC
_I2C1_MasterDisableIrq                          text110      015CD8
_I2C1_MasterEnableRestart                       text107      015CD0
_I2C1_MasterFsm                                 text72       0153EA
_I2C1_MasterGetRxData                           text93       015CBC
_I2C1_MasterIsNack                              text90       015B7C
_I2C1_MasterOpen                                text67       015A58
_I2C1_MasterOperation                           text69       015778
_I2C1_MasterSendAck                             text92       015CAC
_I2C1_MasterSendNack                            text94       015CB2
_I2C1_MasterSendTxData                          text91       015CA4
_I2C1_MasterSetIrq                              text89       015CB8
_I2C1_MasterStart                               text108      015CD4
_I2C1_MasterStartRx                             text95       015CC0
_I2C1_MasterStop                                text106      015CCC
_I2C1_MasterWaitForEvent                        text71       015BC6
_I2C1_MasterWrite                               text68       015C64
_I2C1_Open                                      text66       014FCC
_I2C1_Poller                                    text70       015A98
_I2C1_Read1ByteRegister                         text64       015284
_I2C1_ReadDataBlock                             text46       0150FC
_I2C1_SetAddressNackCallback                    text65       015AD2
_I2C1_SetBuffer                                 text105      015A34
_I2C1_SetCallback                               text104      015182
_I2C1_SetDataCompleteCallback                   text103      015AEE
_I2C1_Status                                    bssBANK0     0000BA
_I2C1_Write1ByteRegister                        text62       015300
_INTCONbits                                     (abs)        000FF2
_LATA                                           (abs)        000F89
_LATB                                           (abs)        000F8A
_LATC                                           (abs)        000F8B
_LATD                                           (abs)        000F8C
_LATE                                           (abs)        000F8D
_LATF                                           (abs)        000F8E
_LATG                                           (abs)        000F8F
_LATH                                           (abs)        000F90
_OSCCON                                         (abs)        000FD3
_OSCCON2                                        (abs)        000F64
_OSCILLATOR_Initialize                          text36       015B54
_OSCTUNE                                        (abs)        000F9B
_PIE1bits                                       (abs)        000F9D
_PIN_MANAGER_Initialize                         text35       015800
_PIR1bits                                       (abs)        000F9E
_PIR2bits                                       (abs)        000FA1
_PORTD                                          (abs)        000F83
_RCREG1                                         (abs)        000FAE
_RCSTA1                                         (abs)        000FAB
_RCSTA1bits                                     (abs)        000FAB
_REFOCON                                        (abs)        000F2A
_SPBRG1                                         (abs)        000FAF
_SPBRGH1                                        (abs)        000FD4
_SSP1ADD                                        (abs)        000FC8
_SSP1BUF                                        (abs)        000FC9
_SSP1CON1                                       (abs)        000FC6
_SSP1CON1bits                                   (abs)        000FC6
_SSP1CON2                                       (abs)        000FC5
_SSP1CON2bits                                   (abs)        000FC5
_SSP1STAT                                       (abs)        000FC7
_SSP1STATbits                                   (abs)        000FC7
_SYSTEM_Initialize                              text34       015B90
_TRISA                                          (abs)        000F92
_TRISB                                          (abs)        000F93
_TRISC                                          (abs)        000F94
_TRISD                                          (abs)        000F95
_TRISE                                          (abs)        000F96
_TRISF                                          (abs)        000F97
_TRISG                                          (abs)        000F98
_TRISH                                          (abs)        000F99
_TXREG1                                         (abs)        000FAD
_TXSTA1                                         (abs)        000FAC
_TXSTA1bits                                     (abs)        000FAC
__HRAM                                          (abs)        000000
__Habs1                                         abs1         000000
__Hbank0                                        bank0        000000
__Hbank1                                        bank1        000000
__Hbank10                                       bank10       000000
__Hbank11                                       bank11       000000
__Hbank12                                       bank12       000000
__Hbank13                                       bank13       000000
__Hbank14                                       bank14       000000
__Hbank15                                       bank15       000000
__Hbank2                                        bank2        000000
__Hbank3                                        bank3        000000
__Hbank4                                        bank4        000000
__Hbank5                                        bank5        000000
__Hbank6                                        bank6        000000
__Hbank7                                        bank7        000000
__Hbank8                                        bank8        000000
__Hbank9                                        bank9        000000
__Hbigbss                                       bigbss       000000
__Hbigdata                                      bigdata      000000
__Hbigram                                       bigram       000000
__Hbss                                          bss          000000
__HbssBANK0                                     bssBANK0     000000
__HbssBANK1                                     bssBANK1     000000
__Hcinit                                        cinit        000000
__Hclrtext                                      clrtext      000000
__Hcomram                                       comram       000000
__Hconfig                                       config       30000E
__Hconst                                        const        000000
__HcstackBANK0                                  cstackBANK0  000000
__HcstackBANK1                                  cstackBANK1  000000
__HcstackCOMRAM                                 cstackCOMRAM 000000
__Hdata                                         data         000000
__Heeprom_data                                  eeprom_data  000000
__Hfarbss                                       farbss       000000
__Hfardata                                      fardata      000000
__Hibigdata                                     ibigdata     000000
__Hidata                                        idata        000000
__Hidloc                                        idloc        200008
__Hifardata                                     ifardata     000000
__Hinit                                         init         000004
__Hintcode                                      intcode      000000
__Hintcode_body                                 intcode_body 000000
__Hintcodelo                                    intcodelo    000000
__Hintentry                                     intentry     000000
__Hintret                                       intret       000000
__Hintsave_regs                                 intsave_regs 000000
__Hirdata                                       irdata       000000
__Hmediumconst                                  mediumconst  010000
__HnvBANK0                                      nvBANK0      000000
__HnvFARRAM                                     nvFARRAM     000000
__Hnvbit                                        nvbit        000000
__Hnvrram                                       nvrram       000000
__Hparam                                        rparam       000000
__Hpowerup                                      powerup      000000
__Hram                                          ram          000000
__Hramtop                                       ramtop       001000
__Hrbit                                         rbit         000000
__Hrbss                                         rbss         000000
__Hrdata                                        rdata        000000
__Hreset_vec                                    reset_vec    000000
__Hrparam                                       rparam       000000
__Hsfr                                          sfr          000000
__Hsmallconst                                   smallconst   000000
__Hspace_0                                      (abs)        015CE4
__Hspace_1                                      (abs)        0001C6
__Hspace_2                                      (abs)        000000
__Hspace_4                                      (abs)        60000E
__Hstack                                        stack        000000
__Hstruct                                       struct       000000
__Htemp                                         temp         000000
__Htext                                         text         000000
__Htext0                                        text0        000000
__Htext1                                        text1        000000
__Htext10                                       text10       000000
__Htext100                                      text100      000000
__Htext101                                      text101      000000
__Htext102                                      text102      000000
__Htext103                                      text103      000000
__Htext104                                      text104      000000
__Htext105                                      text105      000000
__Htext106                                      text106      000000
__Htext107                                      text107      000000
__Htext108                                      text108      000000
__Htext109                                      text109      000000
__Htext11                                       text11       000000
__Htext110                                      text110      000000
__Htext111                                      text111      000000
__Htext112                                      text112      000000
__Htext113                                      text113      000000
__Htext12                                       text12       000000
__Htext13                                       text13       000000
__Htext14                                       text14       000000
__Htext15                                       text15       000000
__Htext16                                       text16       000000
__Htext17                                       text17       000000
__Htext18                                       text18       000000
__Htext19                                       text19       000000
__Htext2                                        text2        000000
__Htext20                                       text20       000000
__Htext21                                       text21       000000
__Htext22                                       text22       000000
__Htext23                                       text23       000000
__Htext24                                       text24       000000
__Htext25                                       text25       000000
__Htext26                                       text26       000000
__Htext27                                       text27       000000
__Htext28                                       text28       000000
__Htext29                                       text29       000000
__Htext3                                        text3        000000
__Htext30                                       text30       000000
__Htext31                                       text31       000000
__Htext32                                       text32       000000
__Htext33                                       text33       000000
__Htext34                                       text34       000000
__Htext35                                       text35       000000
__Htext36                                       text36       000000
__Htext37                                       text37       000000
__Htext38                                       text38       000000
__Htext39                                       text39       000000
__Htext4                                        text4        000000
__Htext40                                       text40       000000
__Htext41                                       text41       000000
__Htext42                                       text42       000000
__Htext43                                       text43       000000
__Htext44                                       text44       000000
__Htext45                                       text45       000000
__Htext46                                       text46       000000
__Htext47                                       text47       000000
__Htext48                                       text48       000000
__Htext49                                       text49       000000
__Htext5                                        text5        000000
__Htext50                                       text50       000000
__Htext51                                       text51       000000
__Htext52                                       text52       000000
__Htext53                                       text53       000000
__Htext54                                       text54       000000
__Htext55                                       text55       000000
__Htext56                                       text56       000000
__Htext57                                       text57       000000
__Htext58                                       text58       000000
__Htext59                                       text59       000000
__Htext6                                        text6        000000
__Htext60                                       text60       000000
__Htext61                                       text61       000000
__Htext62                                       text62       000000
__Htext63                                       text63       000000
__Htext64                                       text64       000000
__Htext65                                       text65       000000
__Htext66                                       text66       000000
__Htext67                                       text67       000000
__Htext68                                       text68       000000
__Htext69                                       text69       000000
__Htext7                                        text7        000000
__Htext70                                       text70       000000
__Htext71                                       text71       000000
__Htext72                                       text72       000000
__Htext73                                       text73       000000
__Htext74                                       text74       000000
__Htext75                                       text75       000000
__Htext76                                       text76       000000
__Htext77                                       text77       000000
__Htext78                                       text78       000000
__Htext79                                       text79       000000
__Htext8                                        text8        000000
__Htext80                                       text80       000000
__Htext81                                       text81       000000
__Htext82                                       text82       000000
__Htext83                                       text83       000000
__Htext84                                       text84       000000
__Htext85                                       text85       000000
__Htext86                                       text86       000000
__Htext87                                       text87       000000
__Htext88                                       text88       000000
__Htext89                                       text89       000000
__Htext9                                        text9        000000
__Htext90                                       text90       000000
__Htext91                                       text91       000000
__Htext92                                       text92       000000
__Htext93                                       text93       000000
__Htext94                                       text94       000000
__Htext95                                       text95       000000
__Htext96                                       text96       000000
__Htext97                                       text97       000000
__Htext98                                       text98       000000
__Htext99                                       text99       000000
__LRAM                                          (abs)        000001
__Labs1                                         abs1         000000
__Lbank0                                        bank0        000000
__Lbank1                                        bank1        000000
__Lbank10                                       bank10       000000
__Lbank11                                       bank11       000000
__Lbank12                                       bank12       000000
__Lbank13                                       bank13       000000
__Lbank14                                       bank14       000000
__Lbank15                                       bank15       000000
__Lbank2                                        bank2        000000
__Lbank3                                        bank3        000000
__Lbank4                                        bank4        000000
__Lbank5                                        bank5        000000
__Lbank6                                        bank6        000000
__Lbank7                                        bank7        000000
__Lbank8                                        bank8        000000
__Lbank9                                        bank9        000000
__Lbigbss                                       bigbss       000000
__Lbigdata                                      bigdata      000000
__Lbigram                                       bigram       000000
__Lbss                                          bss          000000
__LbssBANK0                                     bssBANK0     000000
__LbssBANK1                                     bssBANK1     000000
__Lcinit                                        cinit        000000
__Lclrtext                                      clrtext      000000
__Lcomram                                       comram       000000
__Lconfig                                       config       000000
__Lconst                                        const        000000
__LcstackBANK0                                  cstackBANK0  000000
__LcstackBANK1                                  cstackBANK1  000000
__LcstackCOMRAM                                 cstackCOMRAM 000000
__Ldata                                         data         000000
__Leeprom_data                                  eeprom_data  000000
__Lfarbss                                       farbss       000000
__Lfardata                                      fardata      000000
__Libigdata                                     ibigdata     000000
__Lidata                                        idata        000000
__Lidloc                                        idloc        000000
__Lifardata                                     ifardata     000000
__Linit                                         init         000000
__Lintcode                                      intcode      000000
__Lintcode_body                                 intcode_body 000000
__Lintcodelo                                    intcodelo    000000
__Lintentry                                     intentry     000000
__Lintret                                       intret       000000
__Lintsave_regs                                 intsave_regs 000000
__Lirdata                                       irdata       000000
__Lmediumconst                                  mediumconst  00FA70
__LnvBANK0                                      nvBANK0      000000
__LnvFARRAM                                     nvFARRAM     000000
__Lnvbit                                        nvbit        000000
__Lnvrram                                       nvrram       000000
__Lparam                                        rparam       000000
__Lpowerup                                      powerup      000000
__Lram                                          ram          000000
__Lramtop                                       ramtop       001000
__Lrbit                                         rbit         000000
__Lrbss                                         rbss         000000
__Lrdata                                        rdata        000000
__Lreset_vec                                    reset_vec    000000
__Lrparam                                       rparam       000000
__Lsfr                                          sfr          000000
__Lsmallconst                                   smallconst   000000
__Lspace_0                                      (abs)        000000
__Lspace_1                                      (abs)        000000
__Lspace_2                                      (abs)        000000
__Lspace_4                                      (abs)        000000
__Lstack                                        stack        000000
__Lstruct                                       struct       000000
__Ltemp                                         temp         000000
__Ltext                                         text         000000
__Ltext0                                        text0        000000
__Ltext1                                        text1        000000
__Ltext10                                       text10       000000
__Ltext100                                      text100      000000
__Ltext101                                      text101      000000
__Ltext102                                      text102      000000
__Ltext103                                      text103      000000
__Ltext104                                      text104      000000
__Ltext105                                      text105      000000
__Ltext106                                      text106      000000
__Ltext107                                      text107      000000
__Ltext108                                      text108      000000
__Ltext109                                      text109      000000
__Ltext11                                       text11       000000
__Ltext110                                      text110      000000
__Ltext111                                      text111      000000
__Ltext112                                      text112      000000
__Ltext113                                      text113      000000
__Ltext12                                       text12       000000
__Ltext13                                       text13       000000
__Ltext14                                       text14       000000
__Ltext15                                       text15       000000
__Ltext16                                       text16       000000
__Ltext17                                       text17       000000
__Ltext18                                       text18       000000
__Ltext19                                       text19       000000
__Ltext2                                        text2        000000
__Ltext20                                       text20       000000
__Ltext21                                       text21       000000
__Ltext22                                       text22       000000
__Ltext23                                       text23       000000
__Ltext24                                       text24       000000
__Ltext25                                       text25       000000
__Ltext26                                       text26       000000
__Ltext27                                       text27       000000
__Ltext28                                       text28       000000
__Ltext29                                       text29       000000
__Ltext3                                        text3        000000
__Ltext30                                       text30       000000
__Ltext31                                       text31       000000
__Ltext32                                       text32       000000
__Ltext33                                       text33       000000
__Ltext34                                       text34       000000
__Ltext35                                       text35       000000
__Ltext36                                       text36       000000
__Ltext37                                       text37       000000
__Ltext38                                       text38       000000
__Ltext39                                       text39       000000
__Ltext4                                        text4        000000
__Ltext40                                       text40       000000
__Ltext41                                       text41       000000
__Ltext42                                       text42       000000
__Ltext43                                       text43       000000
__Ltext44                                       text44       000000
__Ltext45                                       text45       000000
__Ltext46                                       text46       000000
__Ltext47                                       text47       000000
__Ltext48                                       text48       000000
__Ltext49                                       text49       000000
__Ltext5                                        text5        000000
__Ltext50                                       text50       000000
__Ltext51                                       text51       000000
__Ltext52                                       text52       000000
__Ltext53                                       text53       000000
__Ltext54                                       text54       000000
__Ltext55                                       text55       000000
__Ltext56                                       text56       000000
__Ltext57                                       text57       000000
__Ltext58                                       text58       000000
__Ltext59                                       text59       000000
__Ltext6                                        text6        000000
__Ltext60                                       text60       000000
__Ltext61                                       text61       000000
__Ltext62                                       text62       000000
__Ltext63                                       text63       000000
__Ltext64                                       text64       000000
__Ltext65                                       text65       000000
__Ltext66                                       text66       000000
__Ltext67                                       text67       000000
__Ltext68                                       text68       000000
__Ltext69                                       text69       000000
__Ltext7                                        text7        000000
__Ltext70                                       text70       000000
__Ltext71                                       text71       000000
__Ltext72                                       text72       000000
__Ltext73                                       text73       000000
__Ltext74                                       text74       000000
__Ltext75                                       text75       000000
__Ltext76                                       text76       000000
__Ltext77                                       text77       000000
__Ltext78                                       text78       000000
__Ltext79                                       text79       000000
__Ltext8                                        text8        000000
__Ltext80                                       text80       000000
__Ltext81                                       text81       000000
__Ltext82                                       text82       000000
__Ltext83                                       text83       000000
__Ltext84                                       text84       000000
__Ltext85                                       text85       000000
__Ltext86                                       text86       000000
__Ltext87                                       text87       000000
__Ltext88                                       text88       000000
__Ltext89                                       text89       000000
__Ltext9                                        text9        000000
__Ltext90                                       text90       000000
__Ltext91                                       text91       000000
__Ltext92                                       text92       000000
__Ltext93                                       text93       000000
__Ltext94                                       text94       000000
__Ltext95                                       text95       000000
__Ltext96                                       text96       000000
__Ltext97                                       text97       000000
__Ltext98                                       text98       000000
__Ltext99                                       text99       000000
__S0                                            (abs)        015CE4
__S1                                            (abs)        0001C6
__S2                                            (abs)        000000
__S4                                            (abs)        000000
__S5                                            (abs)        000000
___aldiv                                        text53       01425C
___aldiv@counter                                cstackCOMRAM 000015
___aldiv@dividend                               cstackCOMRAM 00000D
___aldiv@divisor                                cstackCOMRAM 000011
___aldiv@quotient                               cstackCOMRAM 000017
___aldiv@sign                                   cstackCOMRAM 000016
___awdiv                                        text29       014C62
___awdiv@counter                                cstackCOMRAM 000005
___awdiv@dividend                               cstackCOMRAM 000001
___awdiv@divisor                                cstackCOMRAM 000003
___awdiv@quotient                               cstackCOMRAM 000007
___awdiv@sign                                   cstackCOMRAM 000006
___awmod                                        text28       014D26
___awmod@counter                                cstackCOMRAM 000005
___awmod@dividend                               cstackCOMRAM 000001
___awmod@divisor                                cstackCOMRAM 000003
___awmod@sign                                   cstackCOMRAM 000006
___extmem_base                                  (abs)        020000
___fladd                                        text23       01203C
___fladd@a                                      cstackCOMRAM 000005
___fladd@aexp                                   cstackCOMRAM 00000E
___fladd@b                                      cstackCOMRAM 000001
___fladd@bexp                                   cstackCOMRAM 00000F
___fladd@grs                                    cstackCOMRAM 000010
___fladd@signs                                  cstackCOMRAM 00000D
___fldiv                                        text57       012DD4
___fldiv@a                                      cstackCOMRAM 000013
___fldiv@aexp                                   cstackCOMRAM 000027
___fldiv@b                                      cstackCOMRAM 00000F
___fldiv@bexp                                   cstackCOMRAM 000026
___fldiv@grs                                    cstackCOMRAM 000022
___fldiv@new_exp                                cstackCOMRAM 000020
___fldiv@rem                                    cstackCOMRAM 00001B
___fldiv@sign                                   cstackCOMRAM 00001F
___fleq                                         text27       014DD6
___fleq@ff1                                     cstackCOMRAM 000001
___fleq@ff2                                     cstackCOMRAM 000005
___flge                                         text26       014578
___flge@ff1                                     cstackCOMRAM 00001A
___flge@ff2                                     cstackCOMRAM 00001E
___flmul                                        text25       0129AA
___flmul@a                                      cstackCOMRAM 000005
___flmul@aexp                                   cstackCOMRAM 000012
___flmul@b                                      cstackCOMRAM 000001
___flmul@bexp                                   cstackCOMRAM 000013
___flmul@grs                                    cstackCOMRAM 00000E
___flmul@prod                                   cstackCOMRAM 000014
___flmul@sign                                   cstackCOMRAM 00000D
___flmul@temp                                   cstackCOMRAM 000018
___flneg                                        text24       0158B4
___flneg@f1                                     cstackCOMRAM 000001
___flsub                                        text22       0156EE
___flsub@a                                      cstackCOMRAM 00001E
___flsub@b                                      cstackCOMRAM 00001A
___fltol                                        text21       014472
___fltol@exp1                                   cstackCOMRAM 00000A
___fltol@f1                                     cstackCOMRAM 000001
___fltol@sign1                                  cstackCOMRAM 000009
___fpclassifyf                                  text20       01467C
___fpclassifyf@F465                             bssBANK0     0000E8
___fpclassifyf@e                                cstackCOMRAM 000009
___fpclassifyf@u                                cstackCOMRAM 00000B
___fpclassifyf@x                                cstackCOMRAM 000001
___inthi_sp                                     stack        000000
___intlo_sp                                     stack        000000
___lldiv                                        text50       014F28
___lldiv@counter                                cstackCOMRAM 00000D
___lldiv@dividend                               cstackCOMRAM 000001
___lldiv@divisor                                cstackCOMRAM 000005
___lldiv@quotient                               cstackCOMRAM 000009
___lmul                                         text52       0154C2
___lmul@multiplicand                            cstackCOMRAM 000005
___lmul@multiplier                              cstackCOMRAM 000001
___lmul@product                                 cstackCOMRAM 000009
___lodiv                                        text7        01477A
___lodiv@counter                                cstackCOMRAM 000019
___lodiv@dividend                               cstackCOMRAM 000001
___lodiv@divisor                                cstackCOMRAM 000009
___lodiv@quotient                               cstackCOMRAM 000011
___lomod                                        text6        01486A
___lomod@counter                                cstackCOMRAM 000011
___lomod@dividend                               cstackCOMRAM 000001
___lomod@divisor                                cstackCOMRAM 000009
___param_bank                                   (abs)        000000
___rparam_used                                  (abs)        000001
___sp                                           stack        000000
___xxtofl                                       text56       013E5C
___xxtofl@arg                                   cstackCOMRAM 00000B
___xxtofl@exp                                   cstackCOMRAM 00000A
___xxtofl@sign                                  cstackCOMRAM 000009
___xxtofl@val                                   cstackCOMRAM 000001
__accesstop                                     (abs)        000060
__activetblptr                                  (abs)        000003
__end_of_BME280_Config                          text59       0153EA
__end_of_BME280_Init                            text58       015AD2
__end_of_BME280_NormalizeMeasurements           text55       01425C
__end_of_BME280_Read1ByteRegister               text63       015BC6
__end_of_BME280_Reset                           text60       015C2C
__end_of_BME280_WakeUp_FM                       text54       015B3E
__end_of_BME280_Write1ByteRegister              text61       015BB4
__end_of_BME280_compensate_data                 text47       0150FC
__end_of_BME280_readFactoryCalibration          text43       015B24
__end_of_BME280_read_measurement                text42       013CA8
__end_of_EUSART1_Initialize                     text38       0156EE
__end_of_EUSART1_SetErrorHandler                text41       015C20
__end_of_EUSART1_SetFramingErrorHandler         text40       015C12
__end_of_EUSART1_SetOverrunErrorHandler         text39       015C04
__end_of_EUSART1_Write                          text18       015B54
__end_of_I2C1_CallbackReturnReset               text96       015CC8
__end_of_I2C1_CallbackReturnStop                text97       015CCC
__end_of_I2C1_Close                             text109      015A0E
__end_of_I2C1_DO_ADDRESS_NACK                   text73       0154C2
__end_of_I2C1_DO_IDLE                           text87       015C50
__end_of_I2C1_DO_RCEN                           text82       015C44
__end_of_I2C1_DO_RESET                          text74       015C38
__end_of_I2C1_DO_RX                             text83       014F28
__end_of_I2C1_DO_RX_ACK                         text77       015C84
__end_of_I2C1_DO_RX_NACK_RESTART                text75       015C74
__end_of_I2C1_DO_RX_NACK_STOP                   text76       015C7C
__end_of_I2C1_DO_SEND_ADR_READ                  text86       015BF6
__end_of_I2C1_DO_SEND_ADR_WRITE                 text85       015BE6
__end_of_I2C1_DO_SEND_RESTART                   text79       015C94
__end_of_I2C1_DO_SEND_RESTART_READ              text81       015CA4
__end_of_I2C1_DO_SEND_RESTART_WRITE             text80       015C9C
__end_of_I2C1_DO_SEND_STOP                      text78       015C8C
__end_of_I2C1_DO_TX                             text84       014B9C
__end_of_I2C1_DO_TX_EMPTY                       text88       015284
__end_of_I2C1_Initialize                        text37       015B7C
__end_of_I2C1_MasterClearIrq                    text112      015CE4
__end_of_I2C1_MasterClose                       text111      015CE0
__end_of_I2C1_MasterDisableIrq                  text110      015CDC
__end_of_I2C1_MasterEnableRestart               text107      015CD4
__end_of_I2C1_MasterFsm                         text72       015456
__end_of_I2C1_MasterGetRxData                   text93       015CC0
__end_of_I2C1_MasterIsNack                      text90       015B90
__end_of_I2C1_MasterOpen                        text67       015A7A
__end_of_I2C1_MasterOperation                   text69       0157BC
__end_of_I2C1_MasterSendAck                     text92       015CB2
__end_of_I2C1_MasterSendNack                    text94       015CB8
__end_of_I2C1_MasterSendTxData                  text91       015CAC
__end_of_I2C1_MasterSetIrq                      text89       015CBC
__end_of_I2C1_MasterStart                       text108      015CD8
__end_of_I2C1_MasterStartRx                     text95       015CC4
__end_of_I2C1_MasterStop                        text106      015CD0
__end_of_I2C1_MasterWaitForEvent                text71       015BD6
__end_of_I2C1_MasterWrite                       text68       015C6C
__end_of_I2C1_Open                              text66       01506E
__end_of_I2C1_Poller                            text70       015AB6
__end_of_I2C1_Read1ByteRegister                 text64       015300
__end_of_I2C1_ReadDataBlock                     text46       015182
__end_of_I2C1_SetAddressNackCallback            text65       015AEE
__end_of_I2C1_SetBuffer                         text105      015A58
__end_of_I2C1_SetCallback                       text104      015206
__end_of_I2C1_SetDataCompleteCallback           text103      015B0A
__end_of_I2C1_Write1ByteRegister                text62       015376
__end_of_OSCILLATOR_Initialize                  text36       015B68
__end_of_PIN_MANAGER_Initialize                 text35       015840
__end_of_SYSTEM_Initialize                      text34       015BA2
__end_of___aldiv                                text53       014368
__end_of___awdiv                                text29       014D26
__end_of___awmod                                text28       014DD6
__end_of___fladd                                text23       0124FC
__end_of___fldiv                                text57       01316E
__end_of___fleq                                 text27       014E80
__end_of___flge                                 text26       01467C
__end_of___flmul                                text25       012DD4
__end_of___flneg                                text24       0158EC
__end_of___flsub                                text22       015734
__end_of___fltol                                text21       014578
__end_of___fpclassifyf                          text20       01477A
__end_of___lldiv                                text50       014FCC
__end_of___lmul                                 text52       01552C
__end_of___lodiv                                text7        01486A
__end_of___lomod                                text6        01493A
__end_of___xxtofl                               text56       014010
__end_of__initialization                        cinit        015A92
__end_of_compensate_humidity                    text51       01203C
__end_of_compensate_pressure                    text49       011420
__end_of_compensate_temperature                 text48       01349C
__end_of_efgtoa                                 text9        010C58
__end_of_floorf                                 text19       0136AE
__end_of_fputc                                  text16       014AD4
__end_of_fputs                                  text15       015778
__end_of_glcd_adv_systext                       text33       011B14
__end_of_glcd_clear                             text32       014A0A
__end_of_glcd_on                                text31       01587C
__end_of_glcd_reset                             text30       015C64
__end_of_i2c1_fsmStateTable                     mediumconst  00FF21
__end_of_isupper                                text11       0158B4
__end_of_main                                   text0        013E5C
[...]
compensate_pressure@var2                        cstackCOMRAM 000045
compensate_pressure@var3                        cstackCOMRAM 000029
compensate_pressure@var4                        cstackCOMRAM 00002D
compensate_pressure@var5                        cstackCOMRAM 000031
compensate_temperature@calib_data               cstackCOMRAM 00001D
compensate_temperature@temperature              cstackCOMRAM 00003D
compensate_temperature@temperature_max          cstackCOMRAM 000031
compensate_temperature@uncomp_data              cstackCOMRAM 00001B
compensate_temperature@var1                     cstackCOMRAM 000035
compensate_temperature@var2                     cstackCOMRAM 000039
efgtoa@c                                        cstackCOMRAM 000042
efgtoa@d                                        cstackBANK0  000078
efgtoa@e                                        cstackBANK0  000090
efgtoa@f                                        cstackCOMRAM 00003E
efgtoa@fp                                       cstackCOMRAM 00003C
efgtoa@g                                        cstackBANK0  00008C
efgtoa@h                                        cstackBANK0  000082
efgtoa@i                                        cstackBANK0  00008A
efgtoa@l                                        cstackBANK0  000086
efgtoa@m                                        cstackBANK0  000072
efgtoa@mode                                     cstackBANK0  000081
efgtoa@n                                        cstackBANK0  000092
efgtoa@ne                                       cstackBANK0  000070
efgtoa@nmode                                    cstackBANK0  000080
efgtoa@ou                                       cstackBANK0  000074
efgtoa@p                                        cstackBANK0  00007C
efgtoa@pp                                       cstackBANK0  00006E
efgtoa@sign                                     cstackBANK0  00007A
efgtoa@t                                        cstackBANK0  00006C
efgtoa@u                                        cstackBANK0  000094
efgtoa@w                                        cstackBANK0  00007E
end_of_initialization                           cinit        015A92
floorf@F527                                     bssBANK0     0000E4
floorf@e                                        cstackCOMRAM 000036
floorf@m                                        cstackCOMRAM 000032
floorf@u                                        cstackCOMRAM 000038
floorf@x                                        cstackCOMRAM 000028
fputc@c                                         cstackCOMRAM 000003
fputc@fp                                        cstackCOMRAM 000005
fputs@c                                         cstackCOMRAM 000010
fputs@fp                                        cstackCOMRAM 00000E
fputs@i                                         cstackCOMRAM 000011
fputs@s                                         cstackCOMRAM 00000C
glcd_adv_systext@bb                             cstackCOMRAM 000012
glcd_adv_systext@bb_2038                        cstackCOMRAM 000013
glcd_adv_systext@buf                            cstackCOMRAM 00000D
glcd_adv_systext@c                              cstackCOMRAM 000004
glcd_adv_systext@d                              cstackCOMRAM 000017
glcd_adv_systext@d_2032                         cstackCOMRAM 000019
glcd_adv_systext@d_2035                         cstackCOMRAM 000018
glcd_adv_systext@d_2036                         cstackCOMRAM 000016
glcd_adv_systext@tx                             cstackCOMRAM 000002
glcd_adv_systext@x                              cstackCOMRAM 00001A
glcd_adv_systext@y                              cstackCOMRAM 000001
glcd_adv_systext@yy                             cstackCOMRAM 000014
glcd_adv_systext@yy_2037                        cstackCOMRAM 000015
glcd_clear@aa                                   cstackCOMRAM 000001
glcd_clear@xx                                   cstackCOMRAM 000002
intlevel0                                       text         000000
intlevel1                                       text         000000
intlevel2                                       text         000000
intlevel3                                       text         000000
isa$std                                         (abs)        000001
isa$xinst                                       (abs)        000000
isupper@c                                       cstackCOMRAM 000001
main@calib_data                                 cstackBANK1  000151
main@comp_data                                  cstackBANK1  00012D
main@humidity                                   cstackBANK1  00011E
main@press                                      cstackBANK1  00010F
main@result                                     cstackBANK1  000145
main@temp                                       cstackBANK1  000100
main@uncomp_data                                cstackBANK1  000139
pad@buf                                         cstackCOMRAM 000015
pad@fp                                          cstackCOMRAM 000013
pad@i                                           cstackCOMRAM 00001A
pad@p                                           cstackCOMRAM 000017
pad@w                                           cstackCOMRAM 00001C
parse_humidity_calib_data@calib_data            cstackCOMRAM 00001C
parse_humidity_calib_data@dig_h4_lsb            cstackCOMRAM 000020
parse_humidity_calib_data@dig_h4_msb            cstackCOMRAM 000022
parse_humidity_calib_data@dig_h5_lsb            cstackCOMRAM 000024
parse_humidity_calib_data@dig_h5_msb            cstackCOMRAM 000026
parse_humidity_calib_data@reg_data              cstackCOMRAM 000028
parse_temp_press_calib_data@calib_data          cstackCOMRAM 00001C
parse_temp_press_calib_data@reg_data            cstackCOMRAM 000020
printf@ap                                       cstackCOMRAM 00005C
printf@fmt                                      cstackBANK0  0000AA
putch@txData                                    cstackCOMRAM 000002
rd1RegCompleteHandler@ptr                       cstackCOMRAM 00000C
rd2RegCompleteHandler@ptr                       cstackCOMRAM 00000C
rdBlkRegCompleteHandler@ptr                     cstackCOMRAM 00000C
sprintf@ap                                      cstackBANK0  0000B2
sprintf@f                                       cstackBANK0  0000B4
sprintf@fmt                                     cstackBANK0  0000AC
sprintf@s                                       cstackBANK0  0000AA
stackhi                                         (abs)        000F15
stacklo                                         (abs)        0001C6
start                                           init         000000
start_initialization                            cinit        015A7A
strcpy@d                                        cstackCOMRAM 000009
strcpy@dest                                     cstackCOMRAM 000001
strcpy@s                                        cstackCOMRAM 000007
strcpy@src                                      cstackCOMRAM 000003
strlen@a                                        cstackCOMRAM 000003
strlen@s                                        cstackCOMRAM 000001
strncmp@_l                                      cstackCOMRAM 000001
strncmp@_r                                      cstackCOMRAM 000003
strncmp@l                                       cstackCOMRAM 000008
strncmp@n                                       cstackCOMRAM 000005
strncmp@r                                       cstackCOMRAM 00000A
tolower@c                                       cstackCOMRAM 000007
utoa@d                                          cstackCOMRAM 000020
utoa@fp                                         cstackCOMRAM 00001E
utoa@i                                          cstackCOMRAM 00003C
utoa@n                                          cstackCOMRAM 000034
utoa@p                                          cstackCOMRAM 000030
utoa@w                                          cstackCOMRAM 000032
vfpfcnvrt@ap                                    cstackCOMRAM 00004C
vfpfcnvrt@c                                     cstackBANK0  0000A9
vfpfcnvrt@ct                                    cstackBANK0  0000A6
vfpfcnvrt@f                                     cstackBANK0  0000A2
vfpfcnvrt@fmt                                   cstackCOMRAM 00004A
vfpfcnvrt@fp                                    cstackCOMRAM 000048
vfpfcnvrt@llu                                   cstackBANK0  00009A
vfprintf@ap                                     cstackCOMRAM 000058
vfprintf@cfmt                                   cstackCOMRAM 00005A
vfprintf@fmt                                    cstackCOMRAM 000056
vfprintf@fp                                     cstackCOMRAM 000054
wr1RegCompleteHandler@ptr                       cstackCOMRAM 00000C
wr2RegCompleteHandler@ptr                       cstackCOMRAM 00000C


MODULE INFORMATION

Module		Function		Class		Link	Load	Size
C:\Program Files\Microchip\xc8\v2.32\pic\sources\c99\common\nf_sprintf.c
		_sprintf       		CODE           	15650	0000	82

C:\Program Files\Microchip\xc8\v2.32\pic\sources\c99\common\nf_sprintf.c estimated size: 82

C:\Program Files\Microchip\xc8\v2.32\pic\sources\c99\common\awdiv.c
		___awdiv       		CODE           	14C62	0000	196

C:\Program Files\Microchip\xc8\v2.32\pic\sources\c99\common\awdiv.c estimated size: 196

BME280.c
		_compensate_temperature		CODE           	1316E	0000	814
		_BME280_WakeUp_FM		CODE           	15B24	0000	26
		_compensate_humidity		CODE           	11B14	0000	1320
		_BME280_Init   		CODE           	15AB6	0000	28
		_BME280_Reset  		CODE           	15C20	0000	12
		_BME280_NormalizeMeasurements		CODE           	1413C	0000	288
		_BME280_Config 		CODE           	15376	0000	116
		_compensate_pressure		CODE           	10C58	0000	1992
		_BME280_compensate_data		CODE           	1506E	0000	142
		_parse_humidity_calib_data		CODE           	14368	0000	266
		_BME280_readFactoryCalibration		CODE           	15B0A	0000	26
		_BME280_read_measurement		CODE           	13ABA	0000	494
		_BME280_Write1ByteRegister		CODE           	15BA2	0000	18
		_parse_temp_press_calib_data		CODE           	136AE	0000	520
		_BME280_Read1ByteRegister		CODE           	15BB4	0000	18

BME280.c estimated size: 6080

C:\Program Files\Microchip\xc8\v2.32\pic\sources\c99\common\sprcadd.c
		___flsub       		CODE           	156EE	0000	70
		___fladd       		CODE           	1203C	0000	1216

C:\Program Files\Microchip\xc8\v2.32\pic\sources\c99\common\sprcadd.c estimated size: 1286

mcc_generated_files/examples/i2c1_master_example.c
		_wr1RegCompleteHandler		CODE           	15922	0000	48
		_wr2RegCompleteHandler		CODE           	159B2	0000	48
		_I2C1_ReadDataBlock		CODE           	150FC	0000	134
		_I2C1_Write1ByteRegister		CODE           	15300	0000	118
		_rdBlkRegCompleteHandler		CODE           	157BC	0000	68
		_rd1RegCompleteHandler		CODE           	15982	0000	48
		_rd2RegCompleteHandler		CODE           	15952	0000	48
		_I2C1_Read1ByteRegister		CODE           	15284	0000	124

mcc_generated_files/examples/i2c1_master_example.c estimated size: 636

C:\Program Files\Microchip\xc8\v2.32\pic\sources\c99\common\aldiv.c
		___aldiv       		CODE           	1425C	0000	268

C:\Program Files\Microchip\xc8\v2.32\pic\sources\c99\common\aldiv.c estimated size: 268

C:\Program Files\Microchip\xc8\v2.32\pic\sources\c99\common\doprnt.c
		_vfpfcnvrt     		CODE           	124FC	0000	1198
		_efgtoa        		CODE           	10000	0000	3160
		_pad           		CODE           	14B9C	0000	198
		_vfprintf      		CODE           	1552C	0000	102
		_utoa          		CODE           	138B6	0000	516

C:\Program Files\Microchip\xc8\v2.32\pic\sources\c99\common\doprnt.c estimated size: 5174

C:\Program Files\Microchip\xc8\v2.32\pic\sources\c99\common\flneg.c
		___flneg       		CODE           	158B4	0000	56

C:\Program Files\Microchip\xc8\v2.32\pic\sources\c99\common\flneg.c estimated size: 56

mcc_generated_files/i2c1_master.c
		_I2C1_DO_SEND_RESTART		CODE           	15C8C	0000	8
		_I2C1_DO_TX_EMPTY		CODE           	15206	0000	126
		_I2C1_DO_SEND_RESTART_READ		CODE           	15C9C	0000	8
		_I2C1_CallbackReturnStop		CODE           	15CC8	0000	4
		_I2C1_DO_RX    		CODE           	14E80	0000	168
		_I2C1_DO_TX    		CODE           	14AD4	0000	200
		_I2C1_SetAddressNackCallback		CODE           	15AD2	0000	28
		_I2C1_DO_IDLE  		CODE           	15C44	0000	12
		_I2C1_MasterOpen		CODE           	15A58	0000	34
		_I2C1_DO_RCEN  		CODE           	15C38	0000	12
		_I2C1_MasterSendTxData		CODE           	15CA4	0000	8
		_I2C1_MasterStop		CODE           	15CCC	0000	4
		_I2C1_CallbackReturnReset		CODE           	15CC4	0000	4
		_I2C1_DO_RESET 		CODE           	15C2C	0000	12
		_I2C1_MasterStartRx		CODE           	15CC0	0000	4
		_I2C1_Poller   		CODE           	15A98	0000	30
		_I2C1_DO_RX_ACK		CODE           	15C7C	0000	8
		_I2C1_MasterWaitForEvent		CODE           	15BC6	0000	16
		_I2C1_MasterSendNack		CODE           	15CB2	0000	6
		_I2C1_DO_RX_NACK_RESTART		CODE           	15C6C	0000	8
		_I2C1_MasterDisableIrq		CODE           	15CD8	0000	4
		_I2C1_MasterOperation		CODE           	15778	0000	68
		_I2C1_SetCallback		CODE           	15182	0000	132
		_I2C1_MasterEnableRestart		CODE           	15CD0	0000	4
		_I2C1_Open     		CODE           	14FCC	0000	162
		_I2C1_DO_ADDRESS_NACK		CODE           	15456	0000	108
		_I2C1_SetBuffer		CODE           	15A34	0000	36
		_I2C1_DO_SEND_RESTART_WRITE		CODE           	15C94	0000	8
		_I2C1_MasterClose		CODE           	15CDC	0000	4
		_I2C1_MasterWrite		CODE           	15C64	0000	8
		_I2C1_Initialize		CODE           	15B68	0000	20
		_I2C1_Close    		CODE           	159E2	0000	44
		_I2C1_MasterIsNack		CODE           	15B7C	0000	20
		_I2C1_MasterStart		CODE           	15CD4	0000	4
		_I2C1_DO_SEND_ADR_WRITE		CODE           	15BD6	0000	16
		_I2C1_MasterClearIrq		CODE           	15CE0	0000	4
		_I2C1_SetDataCompleteCallback		CODE           	15AEE	0000	28
		_I2C1_DO_SEND_STOP		CODE           	15C84	0000	8
		_I2C1_MasterSendAck		CODE           	15CAC	0000	6
		_I2C1_MasterFsm		CODE           	153EA	0000	108
		_I2C1_MasterGetRxData		CODE           	15CBC	0000	4
		_I2C1_MasterSetIrq		CODE           	15CB8	0000	4
		_I2C1_DO_SEND_ADR_READ		CODE           	15BE6	0000	16
		_I2C1_DO_RX_NACK_STOP		CODE           	15C74	0000	8

mcc_generated_files/i2c1_master.c estimated size: 1524

C:\Program Files\Microchip\xc8\v2.32\pic\sources\c99\common\lomod.c
		___lomod       		CODE           	1486A	0000	208

C:\Program Files\Microchip\xc8\v2.32\pic\sources\c99\common\lomod.c estimated size: 208

mcc_generated_files/pin_manager.c
		_PIN_MANAGER_Initialize		CODE           	15800	0000	64

mcc_generated_files/pin_manager.c estimated size: 64

C:\Program Files\Microchip\xc8\v2.32\pic\sources\c99\common\nf_fputs.c
		_fputs         		CODE           	15734	0000	68

C:\Program Files\Microchip\xc8\v2.32\pic\sources\c99\common\nf_fputs.c estimated size: 68

C:\Program Files\Microchip\xc8\v2.32\pic\sources\c99\common\fleq.c
		___fleq        		CODE           	14DD6	0000	170

C:\Program Files\Microchip\xc8\v2.32\pic\sources\c99\common\fleq.c estimated size: 170

C:\Program Files\Microchip\xc8\v2.32\pic\sources\c99\common\__fpclassifyf.c
		___fpclassifyf 		CODE           	1467C	0000	254

C:\Program Files\Microchip\xc8\v2.32\pic\sources\c99\common\__fpclassifyf.c estimated size: 254

C:\Program Files\Microchip\xc8\v2.32\pic\sources\c99\common\isupper.c
		_isupper       		CODE           	1587C	0000	56

C:\Program Files\Microchip\xc8\v2.32\pic\sources\c99\common\isupper.c estimated size: 56

C:\Program Files\Microchip\xc8\v2.32\pic\sources\c99\common\lodiv.c
		___lodiv       		CODE           	1477A	0000	240

C:\Program Files\Microchip\xc8\v2.32\pic\sources\c99\common\lodiv.c estimated size: 240

C:\Program Files\Microchip\xc8\v2.32\pic\sources\c99\common\strncmp.c
		_strncmp       		CODE           	14010	0000	300

C:\Program Files\Microchip\xc8\v2.32\pic\sources\c99\common\strncmp.c estimated size: 300

C:\Program Files\Microchip\xc8\v2.32\pic\sources\c99\common\tolower.c
		_tolower       		CODE           	15592	0000	96

C:\Program Files\Microchip\xc8\v2.32\pic\sources\c99\common\tolower.c estimated size: 96

shared
		__initialization		CODE           	15A7A	0000	24
		_i2c1_fsmStateTable		MEDIUMCONST    	FEF1	0000	48
		_system6x8     		MEDIUMCONST    	FA71	0000	1152

shared estimated size: 1224

mcc_generated_files/eusart1.c
		_EUSART1_Initialize		CODE           	156A2	0000	76
		_putch         		CODE           	15C50	0000	10
		_EUSART1_SetFramingErrorHandler		CODE           	15C04	0000	14
		_EUSART1_SetOverrunErrorHandler		CODE           	15BF6	0000	14
		_EUSART1_SetErrorHandler		CODE           	15C12	0000	14
		_EUSART1_Write 		CODE           	15B3E	0000	22

mcc_generated_files/eusart1.c estimated size: 150

C:\Program Files\Microchip\xc8\v2.32\pic\sources\c99\common\sprcmul.c
		___flmul       		CODE           	129AA	0000	1066

C:\Program Files\Microchip\xc8\v2.32\pic\sources\c99\common\sprcmul.c estimated size: 1066

C:\Program Files\Microchip\xc8\v2.32\pic\sources\c99\common\awmod.c
		___awmod       		CODE           	14D26	0000	176

C:\Program Files\Microchip\xc8\v2.32\pic\sources\c99\common\awmod.c estimated size: 176

mcc_generated_files/mcc.c
		_OSCILLATOR_Initialize		CODE           	15B54	0000	20
		_SYSTEM_Initialize		CODE           	15B90	0000	18

mcc_generated_files/mcc.c estimated size: 38

C:\Program Files\Microchip\xc8\v2.32\pic\sources\c99\common\sprcdiv.c
		___fldiv       		CODE           	12DD4	0000	922

C:\Program Files\Microchip\xc8\v2.32\pic\sources\c99\common\sprcdiv.c estimated size: 922

glcd.c
		_glcd_clear    		CODE           	1493A	0000	208
		_glcd_adv_systext		CODE           	11420	0000	1780
		_glcd_reset    		CODE           	15C5A	0000	10
		_glcd_on       		CODE           	15840	0000	60

glcd.c estimated size: 2058

C:\Program Files\Microchip\xc8\v2.32\pic\sources\c99\common\Umul32.c
		___lmul        		CODE           	154C2	0000	106

C:\Program Files\Microchip\xc8\v2.32\pic\sources\c99\common\Umul32.c estimated size: 106

C:\Program Files\Microchip\xc8\v2.32\pic\sources\c99\common\fltol.c
		___fltol       		CODE           	14472	0000	262

C:\Program Files\Microchip\xc8\v2.32\pic\sources\c99\common\fltol.c estimated size: 262

C:\Program Files\Microchip\xc8\v2.32\pic\sources\c99\common\xxtofl.c
		___xxtofl      		CODE           	13E5C	0000	436

C:\Program Files\Microchip\xc8\v2.32\pic\sources\c99\common\xxtofl.c estimated size: 436

C:\Program Files\Microchip\xc8\v2.32\pic\sources\c99\common\printf.c
		_printf        		CODE           	15A0E	0000	38

C:\Program Files\Microchip\xc8\v2.32\pic\sources\c99\common\printf.c estimated size: 38

C:\Program Files\Microchip\xc8\v2.32\pic\sources\c99\common\nf_fputc.c
		_fputc         		CODE           	14A0A	0000	202

C:\Program Files\Microchip\xc8\v2.32\pic\sources\c99\common\nf_fputc.c estimated size: 202

C:\Program Files\Microchip\xc8\v2.32\pic\sources\c99\common\__lldiv.c
		___lldiv       		CODE           	14F28	0000	164

C:\Program Files\Microchip\xc8\v2.32\pic\sources\c99\common\__lldiv.c estimated size: 164

main.c
		_main          		CODE           	13CA8	0000	436

main.c estimated size: 436

C:\Program Files\Microchip\xc8\v2.32\pic\sources\c99\common\strlen.c
		_strlen        		CODE           	158EC	0000	54

C:\Program Files\Microchip\xc8\v2.32\pic\sources\c99\common\strlen.c estimated size: 54

C:\Program Files\Microchip\xc8\v2.32\pic\sources\c99\common\flge.c
		___flge        		CODE           	14578	0000	260

C:\Program Files\Microchip\xc8\v2.32\pic\sources\c99\common\flge.c estimated size: 260

C:\Program Files\Microchip\xc8\v2.32\pic\sources\c99\common\floorf.c
		_floorf        		CODE           	1349C	0000	530

C:\Program Files\Microchip\xc8\v2.32\pic\sources\c99\common\floorf.c estimated size: 530

C:\Program Files\Microchip\xc8\v2.32\pic\sources\c99\common\strcpy.c
		_strcpy        		CODE           	155F2	0000	94

C:\Program Files\Microchip\xc8\v2.32\pic\sources\c99\common\strcpy.c estimated size: 94

